../Core/Src/main.c:34:5:__io_putchar	24	static
../Core/Src/main.c:48:5:main	88	static
../Core/Src/main.c:138:6:MPU6050_Init	32	static
../Core/Src/main.c:158:6:MPU6050_Read_Accel_Gyro	48	static
../Core/Src/main.c:175:6:MPU6050_Calibrate	56	static
../Core/Src/main.c:204:13:MX_I2C1_Init	40	static
../Core/Src/main.c:231:13:MX_USART2_UART_Init	40	static
../Core/Src/main.c:257:13:MX_GPIO_Init	32	static
../Core/Src/main.c:271:6:SystemClock_Config	88	static
../Core/Src/main.c:300:6:Error_Handler	8	static,ignoring_inline_asm
